<testsuites id="" name="" tests="35" failures="21" skipped="0" errors="0" time="185.61961300000002">
<testsuite name="home.spec.ts" timestamp="2025-07-22T04:10:39.356Z" hostname="chromium" tests="7" failures="6" skipped="0" time="229.647" errors="0">
<testcase name="Home Page › should load the home page successfully" classname="home.spec.ts" time="34.408">
<failure message="home.spec.ts:4:7 should load the home page successfully" type="FAILURE">
<![CDATA[  [chromium] › home.spec.ts:4:7 › Home Page › should load the home page successfully ───────────────

    Test timeout of 30000ms exceeded.

    Error: page.waitForLoadState: Test timeout of 30000ms exceeded.

       6 |     
       7 |     // Aguardar a página carregar completamente
    >  8 |     await page.waitForLoadState('networkidle')
         |                ^
       9 |     
      10 |     // Verificar se a página carregou
      11 |     await expect(page).toHaveTitle(/Elias Santos/)
        at C:\Projetos\portfolio\meu-site\meu-site\e2e\home.spec.ts:8:16

    attachment #1: screenshot (image/png) ──────────────────────────────────────────────────────────
    ..\test-results\home-Home-Page-should-load-the-home-page-successfully-chromium\test-failed-1.png
    ────────────────────────────────────────────────────────────────────────────────────────────────

    attachment #2: video (video/webm) ──────────────────────────────────────────────────────────────
    ..\test-results\home-Home-Page-should-load-the-home-page-successfully-chromium\video.webm
    ────────────────────────────────────────────────────────────────────────────────────────────────

    Error Context: ..\test-results\home-Home-Page-should-load-the-home-page-successfully-chromium\error-context.md
]]>
</failure>
<system-out>
<![CDATA[
[[ATTACHMENT|home-Home-Page-should-load-the-home-page-successfully-chromium\test-failed-1.png]]

[[ATTACHMENT|home-Home-Page-should-load-the-home-page-successfully-chromium\video.webm]]

[[ATTACHMENT|home-Home-Page-should-load-the-home-page-successfully-chromium\error-context.md]]
]]>
</system-out>
</testcase>
<testcase name="Home Page › should display hero section correctly" classname="home.spec.ts" time="41.798">
<failure message="home.spec.ts:20:7 should display hero section correctly" type="FAILURE">
<![CDATA[  [chromium] › home.spec.ts:20:7 › Home Page › should display hero section correctly ───────────────

    Test timeout of 30000ms exceeded.

    Error: page.waitForLoadState: Test timeout of 30000ms exceeded.

      20 |   test('should display hero section correctly', async ({ page }) => {
      21 |     await page.goto('/')
    > 22 |     await page.waitForLoadState('networkidle')
         |                ^
      23 |     
      24 |     // Aguardar as animações carregarem
      25 |     await page.waitForTimeout(2000)
        at C:\Projetos\portfolio\meu-site\meu-site\e2e\home.spec.ts:22:16

    attachment #1: video (video/webm) ──────────────────────────────────────────────────────────────
    ..\test-results\home-Home-Page-should-display-hero-section-correctly-chromium\video.webm
    ────────────────────────────────────────────────────────────────────────────────────────────────

    Error Context: ..\test-results\home-Home-Page-should-display-hero-section-correctly-chromium\error-context.md
]]>
</failure>
<system-out>
<![CDATA[
[[ATTACHMENT|home-Home-Page-should-display-hero-section-correctly-chromium\video.webm]]

[[ATTACHMENT|home-Home-Page-should-display-hero-section-correctly-chromium\error-context.md]]
]]>
</system-out>
</testcase>
<testcase name="Home Page › should have working navigation" classname="home.spec.ts" time="35.112">
<failure message="home.spec.ts:37:7 should have working navigation" type="FAILURE">
<![CDATA[  [chromium] › home.spec.ts:37:7 › Home Page › should have working navigation ──────────────────────

    Test timeout of 30000ms exceeded.

    Error: page.waitForLoadState: Test timeout of 30000ms exceeded.

      37 |   test('should have working navigation', async ({ page }) => {
      38 |     await page.goto('/')
    > 39 |     await page.waitForLoadState('networkidle')
         |                ^
      40 |     
      41 |     // Aguardar o navbar carregar
      42 |     await page.waitForTimeout(1000)
        at C:\Projetos\portfolio\meu-site\meu-site\e2e\home.spec.ts:39:16

    attachment #1: screenshot (image/png) ──────────────────────────────────────────────────────────
    ..\test-results\home-Home-Page-should-have-working-navigation-chromium\test-failed-1.png
    ────────────────────────────────────────────────────────────────────────────────────────────────

    attachment #2: video (video/webm) ──────────────────────────────────────────────────────────────
    ..\test-results\home-Home-Page-should-have-working-navigation-chromium\video.webm
    ────────────────────────────────────────────────────────────────────────────────────────────────

    Error Context: ..\test-results\home-Home-Page-should-have-working-navigation-chromium\error-context.md
]]>
</failure>
<system-out>
<![CDATA[
[[ATTACHMENT|home-Home-Page-should-have-working-navigation-chromium\test-failed-1.png]]

[[ATTACHMENT|home-Home-Page-should-have-working-navigation-chromium\video.webm]]

[[ATTACHMENT|home-Home-Page-should-have-working-navigation-chromium\error-context.md]]
]]>
</system-out>
</testcase>
<testcase name="Home Page › should be responsive on mobile" classname="home.spec.ts" time="34.3">
<failure message="home.spec.ts:54:7 should be responsive on mobile" type="FAILURE">
<![CDATA[  [chromium] › home.spec.ts:54:7 › Home Page › should be responsive on mobile ──────────────────────

    Test timeout of 30000ms exceeded.

    Error: page.waitForLoadState: Test timeout of 30000ms exceeded.

      56 |     await page.setViewportSize({ width: 375, height: 667 })
      57 |     await page.goto('/')
    > 58 |     await page.waitForLoadState('networkidle')
         |                ^
      59 |     
      60 |     // Aguardar as animações carregarem
      61 |     await page.waitForTimeout(2000)
        at C:\Projetos\portfolio\meu-site\meu-site\e2e\home.spec.ts:58:16

    attachment #1: screenshot (image/png) ──────────────────────────────────────────────────────────
    ..\test-results\home-Home-Page-should-be-responsive-on-mobile-chromium\test-failed-1.png
    ────────────────────────────────────────────────────────────────────────────────────────────────

    attachment #2: video (video/webm) ──────────────────────────────────────────────────────────────
    ..\test-results\home-Home-Page-should-be-responsive-on-mobile-chromium\video.webm
    ────────────────────────────────────────────────────────────────────────────────────────────────

    Error Context: ..\test-results\home-Home-Page-should-be-responsive-on-mobile-chromium\error-context.md
]]>
</failure>
<system-out>
<![CDATA[
[[ATTACHMENT|home-Home-Page-should-be-responsive-on-mobile-chromium\test-failed-1.png]]

[[ATTACHMENT|home-Home-Page-should-be-responsive-on-mobile-chromium\video.webm]]

[[ATTACHMENT|home-Home-Page-should-be-responsive-on-mobile-chromium\error-context.md]]
]]>
</system-out>
</testcase>
<testcase name="Home Page › should have proper meta tags" classname="home.spec.ts" time="36.263">
</testcase>
<testcase name="Home Page › should have smooth scrolling behavior" classname="home.spec.ts" time="35.424">
<failure message="home.spec.ts:80:7 should have smooth scrolling behavior" type="FAILURE">
<![CDATA[  [chromium] › home.spec.ts:80:7 › Home Page › should have smooth scrolling behavior ───────────────

    Test timeout of 30000ms exceeded.

    Error: page.waitForLoadState: Test timeout of 30000ms exceeded.

      80 |   test('should have smooth scrolling behavior', async ({ page }) => {
      81 |     await page.goto('/')
    > 82 |     await page.waitForLoadState('networkidle')
         |                ^
      83 |     
      84 |     // Aguardar as animações carregarem
      85 |     await page.waitForTimeout(2000)
        at C:\Projetos\portfolio\meu-site\meu-site\e2e\home.spec.ts:82:16

    attachment #1: screenshot (image/png) ──────────────────────────────────────────────────────────
    ..\test-results\home-Home-Page-should-have-smooth-scrolling-behavior-chromium\test-failed-1.png
    ────────────────────────────────────────────────────────────────────────────────────────────────

    attachment #2: video (video/webm) ──────────────────────────────────────────────────────────────
    ..\test-results\home-Home-Page-should-have-smooth-scrolling-behavior-chromium\video.webm
    ────────────────────────────────────────────────────────────────────────────────────────────────

    Error Context: ..\test-results\home-Home-Page-should-have-smooth-scrolling-behavior-chromium\error-context.md
]]>
</failure>
<system-out>
<![CDATA[
[[ATTACHMENT|home-Home-Page-should-have-smooth-scrolling-behavior-chromium\test-failed-1.png]]

[[ATTACHMENT|home-Home-Page-should-have-smooth-scrolling-behavior-chromium\video.webm]]

[[ATTACHMENT|home-Home-Page-should-have-smooth-scrolling-behavior-chromium\error-context.md]]
]]>
</system-out>
</testcase>
<testcase name="Home Page › should load all sections correctly" classname="home.spec.ts" time="12.342">
<failure message="home.spec.ts:99:7 should load all sections correctly" type="FAILURE">
<![CDATA[  [chromium] › home.spec.ts:99:7 › Home Page › should load all sections correctly ──────────────────

    Error: Timed out 5000ms waiting for expect(locator).toHaveCount(expected)

    Locator: locator('section')
    Expected: 1
    Received: 6
    Call log:
      - Expect "toHaveCount" with timeout 5000ms
      - waiting for locator('section')
        8 × locator resolved to 6 elements
          - unexpected value "6"


      113 |     // Verificar se todas as seções principais estão presentes
      114 |     // Usar seletores mais flexíveis baseado na estrutura real
    > 115 |     await expect(page.locator('section')).toHaveCount(1) // Apenas uma section principal
          |                                           ^
      116 |     
      117 |     // Verificar seções específicas usando texto mais genérico
      118 |     await expect(page.getByText(/Portfolio/)).toBeVisible()
        at C:\Projetos\portfolio\meu-site\meu-site\e2e\home.spec.ts:115:43

    attachment #1: screenshot (image/png) ──────────────────────────────────────────────────────────
    ..\test-results\home-Home-Page-should-load-all-sections-correctly-chromium\test-failed-1.png
    ────────────────────────────────────────────────────────────────────────────────────────────────

    attachment #2: video (video/webm) ──────────────────────────────────────────────────────────────
    ..\test-results\home-Home-Page-should-load-all-sections-correctly-chromium\video.webm
    ────────────────────────────────────────────────────────────────────────────────────────────────

    Error Context: ..\test-results\home-Home-Page-should-load-all-sections-correctly-chromium\error-context.md
]]>
</failure>
<system-out>
<![CDATA[
[[ATTACHMENT|home-Home-Page-should-load-all-sections-correctly-chromium\test-failed-1.png]]

[[ATTACHMENT|home-Home-Page-should-load-all-sections-correctly-chromium\video.webm]]

[[ATTACHMENT|home-Home-Page-should-load-all-sections-correctly-chromium\error-context.md]]
]]>
</system-out>
</testcase>
</testsuite>
<testsuite name="home.spec.ts" timestamp="2025-07-22T04:10:39.356Z" hostname="firefox" tests="7" failures="3" skipped="0" time="93.201" errors="0">
<testcase name="Home Page › should load the home page successfully" classname="home.spec.ts" time="10.749">
</testcase>
<testcase name="Home Page › should display hero section correctly" classname="home.spec.ts" time="9.844">
</testcase>
<testcase name="Home Page › should have working navigation" classname="home.spec.ts" time="14.139">
<failure message="home.spec.ts:37:7 should have working navigation" type="FAILURE">
<![CDATA[  [firefox] › home.spec.ts:37:7 › Home Page › should have working navigation ───────────────────────

    Error: Timed out 5000ms waiting for expect(locator).toBeVisible()

    Locator: locator('nav img[alt="ES Logo"]')
    Expected: visible
    Received: <element(s) not found>
    Call log:
      - Expect "toBeVisible" with timeout 5000ms
      - waiting for locator('nav img[alt="ES Logo"]')


      46 |     
      47 |     // Verificar se o logo está presente (usando seletor mais flexível)
    > 48 |     await expect(page.locator('nav img[alt="ES Logo"]')).toBeVisible()
         |                                                          ^
      49 |     
      50 |     // Verificar se o seletor de idioma está presente
      51 |     await expect(page.locator('nav button')).toBeVisible()
        at C:\Projetos\portfolio\meu-site\meu-site\e2e\home.spec.ts:48:58

    attachment #1: screenshot (image/png) ──────────────────────────────────────────────────────────
    ..\test-results\home-Home-Page-should-have-working-navigation-firefox\test-failed-1.png
    ────────────────────────────────────────────────────────────────────────────────────────────────

    attachment #2: video (video/webm) ──────────────────────────────────────────────────────────────
    ..\test-results\home-Home-Page-should-have-working-navigation-firefox\video.webm
    ────────────────────────────────────────────────────────────────────────────────────────────────

    Error Context: ..\test-results\home-Home-Page-should-have-working-navigation-firefox\error-context.md
]]>
</failure>
<system-out>
<![CDATA[
[[ATTACHMENT|home-Home-Page-should-have-working-navigation-firefox\test-failed-1.png]]

[[ATTACHMENT|home-Home-Page-should-have-working-navigation-firefox\video.webm]]

[[ATTACHMENT|home-Home-Page-should-have-working-navigation-firefox\error-context.md]]
]]>
</system-out>
</testcase>
<testcase name="Home Page › should be responsive on mobile" classname="home.spec.ts" time="15.864">
<failure message="home.spec.ts:54:7 should be responsive on mobile" type="FAILURE">
<![CDATA[  [firefox] › home.spec.ts:54:7 › Home Page › should be responsive on mobile ───────────────────────

    Error: Timed out 5000ms waiting for expect(locator).toBeVisible()

    Locator: getByRole('heading', { level: 1 })
    Expected: visible
    Received: <element(s) not found>
    Call log:
      - Expect "toBeVisible" with timeout 5000ms
      - waiting for getByRole('heading', { level: 1 })


      62 |     
      63 |     // Verificar se o conteúdo é legível em mobile
    > 64 |     await expect(page.getByRole('heading', { level: 1 })).toBeVisible()
         |                                                           ^
      65 |     await expect(page.locator('h2:has-text("Elias Santos")')).toBeVisible()
      66 |   })
      67 |
        at C:\Projetos\portfolio\meu-site\meu-site\e2e\home.spec.ts:64:59

    attachment #1: screenshot (image/png) ──────────────────────────────────────────────────────────
    ..\test-results\home-Home-Page-should-be-responsive-on-mobile-firefox\test-failed-1.png
    ────────────────────────────────────────────────────────────────────────────────────────────────

    attachment #2: video (video/webm) ──────────────────────────────────────────────────────────────
    ..\test-results\home-Home-Page-should-be-responsive-on-mobile-firefox\video.webm
    ────────────────────────────────────────────────────────────────────────────────────────────────

    Error Context: ..\test-results\home-Home-Page-should-be-responsive-on-mobile-firefox\error-context.md
]]>
</failure>
<system-out>
<![CDATA[
[[ATTACHMENT|home-Home-Page-should-be-responsive-on-mobile-firefox\test-failed-1.png]]

[[ATTACHMENT|home-Home-Page-should-be-responsive-on-mobile-firefox\video.webm]]

[[ATTACHMENT|home-Home-Page-should-be-responsive-on-mobile-firefox\error-context.md]]
]]>
</system-out>
</testcase>
<testcase name="Home Page › should have proper meta tags" classname="home.spec.ts" time="7.831">
</testcase>
<testcase name="Home Page › should have smooth scrolling behavior" classname="home.spec.ts" time="13.069">
</testcase>
<testcase name="Home Page › should load all sections correctly" classname="home.spec.ts" time="21.705">
<failure message="home.spec.ts:99:7 should load all sections correctly" type="FAILURE">
<![CDATA[  [firefox] › home.spec.ts:99:7 › Home Page › should load all sections correctly ───────────────────

    Error: Timed out 5000ms waiting for expect(locator).toHaveCount(expected)

    Locator: locator('section')
    Expected: 1
    Received: 6
    Call log:
      - Expect "toHaveCount" with timeout 5000ms
      - waiting for locator('section')
        8 × locator resolved to 6 elements
          - unexpected value "6"


      113 |     // Verificar se todas as seções principais estão presentes
      114 |     // Usar seletores mais flexíveis baseado na estrutura real
    > 115 |     await expect(page.locator('section')).toHaveCount(1) // Apenas uma section principal
          |                                           ^
      116 |     
      117 |     // Verificar seções específicas usando texto mais genérico
      118 |     await expect(page.getByText(/Portfolio/)).toBeVisible()
        at C:\Projetos\portfolio\meu-site\meu-site\e2e\home.spec.ts:115:43

    attachment #1: screenshot (image/png) ──────────────────────────────────────────────────────────
    ..\test-results\home-Home-Page-should-load-all-sections-correctly-firefox\test-failed-1.png
    ────────────────────────────────────────────────────────────────────────────────────────────────

    attachment #2: video (video/webm) ──────────────────────────────────────────────────────────────
    ..\test-results\home-Home-Page-should-load-all-sections-correctly-firefox\video.webm
    ────────────────────────────────────────────────────────────────────────────────────────────────

    Error Context: ..\test-results\home-Home-Page-should-load-all-sections-correctly-firefox\error-context.md
]]>
</failure>
<system-out>
<![CDATA[
[[ATTACHMENT|home-Home-Page-should-load-all-sections-correctly-firefox\test-failed-1.png]]

[[ATTACHMENT|home-Home-Page-should-load-all-sections-correctly-firefox\video.webm]]

[[ATTACHMENT|home-Home-Page-should-load-all-sections-correctly-firefox\error-context.md]]
]]>
</system-out>
</testcase>
</testsuite>
<testsuite name="home.spec.ts" timestamp="2025-07-22T04:10:39.356Z" hostname="webkit" tests="7" failures="5" skipped="0" time="85.53" errors="0">
<testcase name="Home Page › should load the home page successfully" classname="home.spec.ts" time="9.292">
<failure message="home.spec.ts:4:7 should load the home page successfully" type="FAILURE">
<![CDATA[  [webkit] › home.spec.ts:4:7 › Home Page › should load the home page successfully ─────────────────

    Error: Timed out 5000ms waiting for expect(locator).toContainText(expected)

    Locator: getByRole('heading', { level: 1 })
    Expected string: "UX From the Future"
    Received: <element(s) not found>
    Call log:
      - Expect "toContainText" with timeout 5000ms
      - waiting for getByRole('heading', { level: 1 })


      12 |     
      13 |     // Verificar se o conteúdo principal está presente
    > 14 |     await expect(page.getByRole('heading', { level: 1 })).toContainText('UX From the Future')
         |                                                           ^
      15 |     
      16 |     // Usar seletor mais específico para evitar múltiplos elementos
      17 |     await expect(page.locator('h2:has-text("Elias Santos")')).toBeVisible()
        at C:\Projetos\portfolio\meu-site\meu-site\e2e\home.spec.ts:14:59

    attachment #1: screenshot (image/png) ──────────────────────────────────────────────────────────
    ..\test-results\home-Home-Page-should-load-the-home-page-successfully-webkit\test-failed-1.png
    ────────────────────────────────────────────────────────────────────────────────────────────────

    attachment #2: video (video/webm) ──────────────────────────────────────────────────────────────
    ..\test-results\home-Home-Page-should-load-the-home-page-successfully-webkit\video.webm
    ────────────────────────────────────────────────────────────────────────────────────────────────

    Error Context: ..\test-results\home-Home-Page-should-load-the-home-page-successfully-webkit\error-context.md
]]>
</failure>
<system-out>
<![CDATA[
[[ATTACHMENT|home-Home-Page-should-load-the-home-page-successfully-webkit\test-failed-1.png]]

[[ATTACHMENT|home-Home-Page-should-load-the-home-page-successfully-webkit\video.webm]]

[[ATTACHMENT|home-Home-Page-should-load-the-home-page-successfully-webkit\error-context.md]]
]]>
</system-out>
</testcase>
<testcase name="Home Page › should display hero section correctly" classname="home.spec.ts" time="11.393">
<failure message="home.spec.ts:20:7 should display hero section correctly" type="FAILURE">
<![CDATA[  [webkit] › home.spec.ts:20:7 › Home Page › should display hero section correctly ─────────────────

    Error: Timed out 5000ms waiting for expect(locator).toBeVisible()

    Locator: getByText('Strategic UX/UI Designer & Full Stack Developer. I transform complex business challenges into elegant, user-centered solutions that drive measurable results and accelerate time-to-market.')
    Expected: visible
    Received: <element(s) not found>
    Call log:
      - Expect "toBeVisible" with timeout 5000ms
      - waiting for getByText('Strategic UX/UI Designer & Full Stack Developer. I transform complex business challenges into elegant, user-centered solutions that drive measurable results and accelerate time-to-market.')


      26 |     
      27 |     // Verificar elementos do hero
    > 28 |     await expect(page.getByText('Strategic UX/UI Designer & Full Stack Developer. I transform complex business challenges into elegant, user-centered solutions that drive measurable results and accelerate time-to-market.')).toBeVisible()
         |                                                                                                                                                                                                                                 ^
      29 |     
      30 |     // Usar seletor mais específico
      31 |     await expect(page.locator('h2:has-text("Elias Santos")')).toBeVisible()
        at C:\Projetos\portfolio\meu-site\meu-site\e2e\home.spec.ts:28:225

    attachment #1: screenshot (image/png) ──────────────────────────────────────────────────────────
    ..\test-results\home-Home-Page-should-display-hero-section-correctly-webkit\test-failed-1.png
    ────────────────────────────────────────────────────────────────────────────────────────────────

    attachment #2: video (video/webm) ──────────────────────────────────────────────────────────────
    ..\test-results\home-Home-Page-should-display-hero-section-correctly-webkit\video.webm
    ────────────────────────────────────────────────────────────────────────────────────────────────

    Error Context: ..\test-results\home-Home-Page-should-display-hero-section-correctly-webkit\error-context.md
]]>
</failure>
<system-out>
<![CDATA[
[[ATTACHMENT|home-Home-Page-should-display-hero-section-correctly-webkit\test-failed-1.png]]

[[ATTACHMENT|home-Home-Page-should-display-hero-section-correctly-webkit\video.webm]]

[[ATTACHMENT|home-Home-Page-should-display-hero-section-correctly-webkit\error-context.md]]
]]>
</system-out>
</testcase>
<testcase name="Home Page › should have working navigation" classname="home.spec.ts" time="11.504">
<failure message="home.spec.ts:37:7 should have working navigation" type="FAILURE">
<![CDATA[  [webkit] › home.spec.ts:37:7 › Home Page › should have working navigation ────────────────────────

    Error: Timed out 5000ms waiting for expect(locator).toBeVisible()

    Locator: locator('nav img[alt="ES Logo"]')
    Expected: visible
    Received: <element(s) not found>
    Call log:
      - Expect "toBeVisible" with timeout 5000ms
      - waiting for locator('nav img[alt="ES Logo"]')


      46 |     
      47 |     // Verificar se o logo está presente (usando seletor mais flexível)
    > 48 |     await expect(page.locator('nav img[alt="ES Logo"]')).toBeVisible()
         |                                                          ^
      49 |     
      50 |     // Verificar se o seletor de idioma está presente
      51 |     await expect(page.locator('nav button')).toBeVisible()
        at C:\Projetos\portfolio\meu-site\meu-site\e2e\home.spec.ts:48:58

    attachment #1: screenshot (image/png) ──────────────────────────────────────────────────────────
    ..\test-results\home-Home-Page-should-have-working-navigation-webkit\test-failed-1.png
    ────────────────────────────────────────────────────────────────────────────────────────────────

    attachment #2: video (video/webm) ──────────────────────────────────────────────────────────────
    ..\test-results\home-Home-Page-should-have-working-navigation-webkit\video.webm
    ────────────────────────────────────────────────────────────────────────────────────────────────

    Error Context: ..\test-results\home-Home-Page-should-have-working-navigation-webkit\error-context.md
]]>
</failure>
<system-out>
<![CDATA[
[[ATTACHMENT|home-Home-Page-should-have-working-navigation-webkit\test-failed-1.png]]

[[ATTACHMENT|home-Home-Page-should-have-working-navigation-webkit\video.webm]]

[[ATTACHMENT|home-Home-Page-should-have-working-navigation-webkit\error-context.md]]
]]>
</system-out>
</testcase>
<testcase name="Home Page › should be responsive on mobile" classname="home.spec.ts" time="7.033">
</testcase>
<testcase name="Home Page › should have proper meta tags" classname="home.spec.ts" time="4.143">
</testcase>
<testcase name="Home Page › should have smooth scrolling behavior" classname="home.spec.ts" time="12.491">
<failure message="home.spec.ts:80:7 should have smooth scrolling behavior" type="FAILURE">
<![CDATA[  [webkit] › home.spec.ts:80:7 › Home Page › should have smooth scrolling behavior ─────────────────

    Error: Timed out 5000ms waiting for expect(locator).toBeVisible()

    Locator: locator('.fixed.top-0.left-0.right-0.h-1')
    Expected: visible
    Received: <element(s) not found>
    Call log:
      - Expect "toBeVisible" with timeout 5000ms
      - waiting for locator('.fixed.top-0.left-0.right-0.h-1')


      94 |     
      95 |     // Verificar se há indicadores de scroll (usando seletor mais flexível)
    > 96 |     await expect(page.locator('.fixed.top-0.left-0.right-0.h-1')).toBeVisible()
         |                                                                   ^
      97 |   })
      98 |
      99 |   test('should load all sections correctly', async ({ page }) => {
        at C:\Projetos\portfolio\meu-site\meu-site\e2e\home.spec.ts:96:67

    attachment #1: screenshot (image/png) ──────────────────────────────────────────────────────────
    ..\test-results\home-Home-Page-should-have-smooth-scrolling-behavior-webkit\test-failed-1.png
    ────────────────────────────────────────────────────────────────────────────────────────────────

    attachment #2: video (video/webm) ──────────────────────────────────────────────────────────────
    ..\test-results\home-Home-Page-should-have-smooth-scrolling-behavior-webkit\video.webm
    ────────────────────────────────────────────────────────────────────────────────────────────────

    Error Context: ..\test-results\home-Home-Page-should-have-smooth-scrolling-behavior-webkit\error-context.md
]]>
</failure>
<system-out>
<![CDATA[
[[ATTACHMENT|home-Home-Page-should-have-smooth-scrolling-behavior-webkit\test-failed-1.png]]

[[ATTACHMENT|home-Home-Page-should-have-smooth-scrolling-behavior-webkit\video.webm]]

[[ATTACHMENT|home-Home-Page-should-have-smooth-scrolling-behavior-webkit\error-context.md]]
]]>
</system-out>
</testcase>
<testcase name="Home Page › should load all sections correctly" classname="home.spec.ts" time="29.674">
<failure message="home.spec.ts:99:7 should load all sections correctly" type="FAILURE">
<![CDATA[  [webkit] › home.spec.ts:99:7 › Home Page › should load all sections correctly ────────────────────

    Error: Timed out 5000ms waiting for expect(locator).toHaveCount(expected)

    Locator: locator('section')
    Expected: 1
    Received: 6
    Call log:
      - Expect "toHaveCount" with timeout 5000ms
      - waiting for locator('section')


      113 |     // Verificar se todas as seções principais estão presentes
      114 |     // Usar seletores mais flexíveis baseado na estrutura real
    > 115 |     await expect(page.locator('section')).toHaveCount(1) // Apenas uma section principal
          |                                           ^
      116 |     
      117 |     // Verificar seções específicas usando texto mais genérico
      118 |     await expect(page.getByText(/Portfolio/)).toBeVisible()
        at C:\Projetos\portfolio\meu-site\meu-site\e2e\home.spec.ts:115:43

    attachment #1: video (video/webm) ──────────────────────────────────────────────────────────────
    ..\test-results\home-Home-Page-should-load-all-sections-correctly-webkit\video.webm
    ────────────────────────────────────────────────────────────────────────────────────────────────

    Error Context: ..\test-results\home-Home-Page-should-load-all-sections-correctly-webkit\error-context.md
]]>
</failure>
<system-out>
<![CDATA[
[[ATTACHMENT|home-Home-Page-should-load-all-sections-correctly-webkit\video.webm]]

[[ATTACHMENT|home-Home-Page-should-load-all-sections-correctly-webkit\error-context.md]]
]]>
</system-out>
</testcase>
</testsuite>
<testsuite name="home.spec.ts" timestamp="2025-07-22T04:10:39.356Z" hostname="Mobile Chrome" tests="7" failures="4" skipped="0" time="162.82" errors="0">
<testcase name="Home Page › should load the home page successfully" classname="home.spec.ts" time="15.495">
<failure message="home.spec.ts:4:7 should load the home page successfully" type="FAILURE">
<![CDATA[  [Mobile Chrome] › home.spec.ts:4:7 › Home Page › should load the home page successfully ──────────

    Error: Timed out 5000ms waiting for expect(locator).toContainText(expected)

    Locator: getByRole('heading', { level: 1 })
    Expected string: "UX From the Future"
    Received: <element(s) not found>
    Call log:
      - Expect "toContainText" with timeout 5000ms
      - waiting for getByRole('heading', { level: 1 })


      12 |     
      13 |     // Verificar se o conteúdo principal está presente
    > 14 |     await expect(page.getByRole('heading', { level: 1 })).toContainText('UX From the Future')
         |                                                           ^
      15 |     
      16 |     // Usar seletor mais específico para evitar múltiplos elementos
      17 |     await expect(page.locator('h2:has-text("Elias Santos")')).toBeVisible()
        at C:\Projetos\portfolio\meu-site\meu-site\e2e\home.spec.ts:14:59

    attachment #1: screenshot (image/png) ──────────────────────────────────────────────────────────
    ..\test-results\home-Home-Page-should-load-the-home-page-successfully-Mobile-Chrome\test-failed-1.png
    ────────────────────────────────────────────────────────────────────────────────────────────────

    attachment #2: video (video/webm) ──────────────────────────────────────────────────────────────
    ..\test-results\home-Home-Page-should-load-the-home-page-successfully-Mobile-Chrome\video.webm
    ────────────────────────────────────────────────────────────────────────────────────────────────

    Error Context: ..\test-results\home-Home-Page-should-load-the-home-page-successfully-Mobile-Chrome\error-context.md
]]>
</failure>
<system-out>
<![CDATA[
[[ATTACHMENT|home-Home-Page-should-load-the-home-page-successfully-Mobile-Chrome\test-failed-1.png]]

[[ATTACHMENT|home-Home-Page-should-load-the-home-page-successfully-Mobile-Chrome\video.webm]]

[[ATTACHMENT|home-Home-Page-should-load-the-home-page-successfully-Mobile-Chrome\error-context.md]]
]]>
</system-out>
</testcase>
<testcase name="Home Page › should display hero section correctly" classname="home.spec.ts" time="30.537">
</testcase>
<testcase name="Home Page › should have working navigation" classname="home.spec.ts" time="16.547">
<failure message="home.spec.ts:37:7 should have working navigation" type="FAILURE">
<![CDATA[  [Mobile Chrome] › home.spec.ts:37:7 › Home Page › should have working navigation ─────────────────

    Error: Timed out 5000ms waiting for expect(locator).toBeVisible()

    Locator: locator('nav img[alt="ES Logo"]')
    Expected: visible
    Received: <element(s) not found>
    Call log:
      - Expect "toBeVisible" with timeout 5000ms
      - waiting for locator('nav img[alt="ES Logo"]')


      46 |     
      47 |     // Verificar se o logo está presente (usando seletor mais flexível)
    > 48 |     await expect(page.locator('nav img[alt="ES Logo"]')).toBeVisible()
         |                                                          ^
      49 |     
      50 |     // Verificar se o seletor de idioma está presente
      51 |     await expect(page.locator('nav button')).toBeVisible()
        at C:\Projetos\portfolio\meu-site\meu-site\e2e\home.spec.ts:48:58

    attachment #1: screenshot (image/png) ──────────────────────────────────────────────────────────
    ..\test-results\home-Home-Page-should-have-working-navigation-Mobile-Chrome\test-failed-1.png
    ────────────────────────────────────────────────────────────────────────────────────────────────

    attachment #2: video (video/webm) ──────────────────────────────────────────────────────────────
    ..\test-results\home-Home-Page-should-have-working-navigation-Mobile-Chrome\video.webm
    ────────────────────────────────────────────────────────────────────────────────────────────────

    Error Context: ..\test-results\home-Home-Page-should-have-working-navigation-Mobile-Chrome\error-context.md
]]>
</failure>
<system-out>
<![CDATA[
[[ATTACHMENT|home-Home-Page-should-have-working-navigation-Mobile-Chrome\test-failed-1.png]]

[[ATTACHMENT|home-Home-Page-should-have-working-navigation-Mobile-Chrome\video.webm]]

[[ATTACHMENT|home-Home-Page-should-have-working-navigation-Mobile-Chrome\error-context.md]]
]]>
</system-out>
</testcase>
<testcase name="Home Page › should be responsive on mobile" classname="home.spec.ts" time="30.374">
</testcase>
<testcase name="Home Page › should have proper meta tags" classname="home.spec.ts" time="25.312">
</testcase>
<testcase name="Home Page › should have smooth scrolling behavior" classname="home.spec.ts" time="31.018">
<failure message="home.spec.ts:80:7 should have smooth scrolling behavior" type="FAILURE">
<![CDATA[  [Mobile Chrome] › home.spec.ts:80:7 › Home Page › should have smooth scrolling behavior ──────────

    Test timeout of 30000ms exceeded.

    Error: page.waitForTimeout: Test timeout of 30000ms exceeded.

      91 |     
      92 |     // Aguardar um pouco para o progress bar aparecer
    > 93 |     await page.waitForTimeout(1000)
         |                ^
      94 |     
      95 |     // Verificar se há indicadores de scroll (usando seletor mais flexível)
      96 |     await expect(page.locator('.fixed.top-0.left-0.right-0.h-1')).toBeVisible()
        at C:\Projetos\portfolio\meu-site\meu-site\e2e\home.spec.ts:93:16

    attachment #1: screenshot (image/png) ──────────────────────────────────────────────────────────
    ..\test-results\home-Home-Page-should-have-smooth-scrolling-behavior-Mobile-Chrome\test-failed-1.png
    ────────────────────────────────────────────────────────────────────────────────────────────────

    attachment #2: video (video/webm) ──────────────────────────────────────────────────────────────
    ..\test-results\home-Home-Page-should-have-smooth-scrolling-behavior-Mobile-Chrome\video.webm
    ────────────────────────────────────────────────────────────────────────────────────────────────

    Error Context: ..\test-results\home-Home-Page-should-have-smooth-scrolling-behavior-Mobile-Chrome\error-context.md
]]>
</failure>
<system-out>
<![CDATA[
[[ATTACHMENT|home-Home-Page-should-have-smooth-scrolling-behavior-Mobile-Chrome\test-failed-1.png]]

[[ATTACHMENT|home-Home-Page-should-have-smooth-scrolling-behavior-Mobile-Chrome\video.webm]]

[[ATTACHMENT|home-Home-Page-should-have-smooth-scrolling-behavior-Mobile-Chrome\error-context.md]]
]]>
</system-out>
</testcase>
<testcase name="Home Page › should load all sections correctly" classname="home.spec.ts" time="13.537">
<failure message="home.spec.ts:99:7 should load all sections correctly" type="FAILURE">
<![CDATA[  [Mobile Chrome] › home.spec.ts:99:7 › Home Page › should load all sections correctly ─────────────

    Error: Timed out 5000ms waiting for expect(locator).toHaveCount(expected)

    Locator: locator('section')
    Expected: 1
    Received: 6
    Call log:
      - Expect "toHaveCount" with timeout 5000ms
      - waiting for locator('section')
        9 × locator resolved to 6 elements
          - unexpected value "6"


      113 |     // Verificar se todas as seções principais estão presentes
      114 |     // Usar seletores mais flexíveis baseado na estrutura real
    > 115 |     await expect(page.locator('section')).toHaveCount(1) // Apenas uma section principal
          |                                           ^
      116 |     
      117 |     // Verificar seções específicas usando texto mais genérico
      118 |     await expect(page.getByText(/Portfolio/)).toBeVisible()
        at C:\Projetos\portfolio\meu-site\meu-site\e2e\home.spec.ts:115:43

    attachment #1: screenshot (image/png) ──────────────────────────────────────────────────────────
    ..\test-results\home-Home-Page-should-load-all-sections-correctly-Mobile-Chrome\test-failed-1.png
    ────────────────────────────────────────────────────────────────────────────────────────────────

    attachment #2: video (video/webm) ──────────────────────────────────────────────────────────────
    ..\test-results\home-Home-Page-should-load-all-sections-correctly-Mobile-Chrome\video.webm
    ────────────────────────────────────────────────────────────────────────────────────────────────

    Error Context: ..\test-results\home-Home-Page-should-load-all-sections-correctly-Mobile-Chrome\error-context.md
]]>
</failure>
<system-out>
<![CDATA[
[[ATTACHMENT|home-Home-Page-should-load-all-sections-correctly-Mobile-Chrome\test-failed-1.png]]

[[ATTACHMENT|home-Home-Page-should-load-all-sections-correctly-Mobile-Chrome\video.webm]]

[[ATTACHMENT|home-Home-Page-should-load-all-sections-correctly-Mobile-Chrome\error-context.md]]
]]>
</system-out>
</testcase>
</testsuite>
<testsuite name="home.spec.ts" timestamp="2025-07-22T04:10:39.356Z" hostname="Mobile Safari" tests="7" failures="3" skipped="0" time="85.167" errors="0">
<testcase name="Home Page › should load the home page successfully" classname="home.spec.ts" time="9.721">
</testcase>
<testcase name="Home Page › should display hero section correctly" classname="home.spec.ts" time="10.537">
</testcase>
<testcase name="Home Page › should have working navigation" classname="home.spec.ts" time="11.028">
<failure message="home.spec.ts:37:7 should have working navigation" type="FAILURE">
<![CDATA[  [Mobile Safari] › home.spec.ts:37:7 › Home Page › should have working navigation ─────────────────

    Error: Timed out 5000ms waiting for expect(locator).toBeVisible()

    Locator: locator('nav img[alt="ES Logo"]')
    Expected: visible
    Received: <element(s) not found>
    Call log:
      - Expect "toBeVisible" with timeout 5000ms
      - waiting for locator('nav img[alt="ES Logo"]')


      46 |     
      47 |     // Verificar se o logo está presente (usando seletor mais flexível)
    > 48 |     await expect(page.locator('nav img[alt="ES Logo"]')).toBeVisible()
         |                                                          ^
      49 |     
      50 |     // Verificar se o seletor de idioma está presente
      51 |     await expect(page.locator('nav button')).toBeVisible()
        at C:\Projetos\portfolio\meu-site\meu-site\e2e\home.spec.ts:48:58

    attachment #1: screenshot (image/png) ──────────────────────────────────────────────────────────
    ..\test-results\home-Home-Page-should-have-working-navigation-Mobile-Safari\test-failed-1.png
    ────────────────────────────────────────────────────────────────────────────────────────────────

    attachment #2: video (video/webm) ──────────────────────────────────────────────────────────────
    ..\test-results\home-Home-Page-should-have-working-navigation-Mobile-Safari\video.webm
    ────────────────────────────────────────────────────────────────────────────────────────────────

    Error Context: ..\test-results\home-Home-Page-should-have-working-navigation-Mobile-Safari\error-context.md
]]>
</failure>
<system-out>
<![CDATA[
[[ATTACHMENT|home-Home-Page-should-have-working-navigation-Mobile-Safari\test-failed-1.png]]

[[ATTACHMENT|home-Home-Page-should-have-working-navigation-Mobile-Safari\video.webm]]

[[ATTACHMENT|home-Home-Page-should-have-working-navigation-Mobile-Safari\error-context.md]]
]]>
</system-out>
</testcase>
<testcase name="Home Page › should be responsive on mobile" classname="home.spec.ts" time="11.698">
<failure message="home.spec.ts:54:7 should be responsive on mobile" type="FAILURE">
<![CDATA[  [Mobile Safari] › home.spec.ts:54:7 › Home Page › should be responsive on mobile ─────────────────

    Error: Timed out 5000ms waiting for expect(locator).toBeVisible()

    Locator: getByRole('heading', { level: 1 })
    Expected: visible
    Received: <element(s) not found>
    Call log:
      - Expect "toBeVisible" with timeout 5000ms
      - waiting for getByRole('heading', { level: 1 })


      62 |     
      63 |     // Verificar se o conteúdo é legível em mobile
    > 64 |     await expect(page.getByRole('heading', { level: 1 })).toBeVisible()
         |                                                           ^
      65 |     await expect(page.locator('h2:has-text("Elias Santos")')).toBeVisible()
      66 |   })
      67 |
        at C:\Projetos\portfolio\meu-site\meu-site\e2e\home.spec.ts:64:59

    attachment #1: screenshot (image/png) ──────────────────────────────────────────────────────────
    ..\test-results\home-Home-Page-should-be-responsive-on-mobile-Mobile-Safari\test-failed-1.png
    ────────────────────────────────────────────────────────────────────────────────────────────────

    attachment #2: video (video/webm) ──────────────────────────────────────────────────────────────
    ..\test-results\home-Home-Page-should-be-responsive-on-mobile-Mobile-Safari\video.webm
    ────────────────────────────────────────────────────────────────────────────────────────────────

    Error Context: ..\test-results\home-Home-Page-should-be-responsive-on-mobile-Mobile-Safari\error-context.md
]]>
</failure>
<system-out>
<![CDATA[
[[ATTACHMENT|home-Home-Page-should-be-responsive-on-mobile-Mobile-Safari\test-failed-1.png]]

[[ATTACHMENT|home-Home-Page-should-be-responsive-on-mobile-Mobile-Safari\video.webm]]

[[ATTACHMENT|home-Home-Page-should-be-responsive-on-mobile-Mobile-Safari\error-context.md]]
]]>
</system-out>
</testcase>
<testcase name="Home Page › should have proper meta tags" classname="home.spec.ts" time="3.759">
</testcase>
<testcase name="Home Page › should have smooth scrolling behavior" classname="home.spec.ts" time="17.876">
</testcase>
<testcase name="Home Page › should load all sections correctly" classname="home.spec.ts" time="20.548">
<failure message="home.spec.ts:99:7 should load all sections correctly" type="FAILURE">
<![CDATA[  [Mobile Safari] › home.spec.ts:99:7 › Home Page › should load all sections correctly ─────────────

    Error: Timed out 5000ms waiting for expect(locator).toHaveCount(expected)

    Locator: locator('section')
    Expected: 1
    Received: 6
    Call log:
      - Expect "toHaveCount" with timeout 5000ms
      - waiting for locator('section')
        6 × locator resolved to 6 elements
          - unexpected value "6"


      113 |     // Verificar se todas as seções principais estão presentes
      114 |     // Usar seletores mais flexíveis baseado na estrutura real
    > 115 |     await expect(page.locator('section')).toHaveCount(1) // Apenas uma section principal
          |                                           ^
      116 |     
      117 |     // Verificar seções específicas usando texto mais genérico
      118 |     await expect(page.getByText(/Portfolio/)).toBeVisible()
        at C:\Projetos\portfolio\meu-site\meu-site\e2e\home.spec.ts:115:43

    attachment #1: screenshot (image/png) ──────────────────────────────────────────────────────────
    ..\test-results\home-Home-Page-should-load-all-sections-correctly-Mobile-Safari\test-failed-1.png
    ────────────────────────────────────────────────────────────────────────────────────────────────

    attachment #2: video (video/webm) ──────────────────────────────────────────────────────────────
    ..\test-results\home-Home-Page-should-load-all-sections-correctly-Mobile-Safari\video.webm
    ────────────────────────────────────────────────────────────────────────────────────────────────

    Error Context: ..\test-results\home-Home-Page-should-load-all-sections-correctly-Mobile-Safari\error-context.md
]]>
</failure>
<system-out>
<![CDATA[
[[ATTACHMENT|home-Home-Page-should-load-all-sections-correctly-Mobile-Safari\test-failed-1.png]]

[[ATTACHMENT|home-Home-Page-should-load-all-sections-correctly-Mobile-Safari\video.webm]]

[[ATTACHMENT|home-Home-Page-should-load-all-sections-correctly-Mobile-Safari\error-context.md]]
]]>
</system-out>
</testcase>
</testsuite>
</testsuites>